../src/cr_startup_lpc175x_6x.c:314:6:NMI_Handler	0	static
../src/cr_startup_lpc175x_6x.c:319:6:HardFault_Handler	0	static
../src/cr_startup_lpc175x_6x.c:324:6:MemManage_Handler	0	static
../src/cr_startup_lpc175x_6x.c:329:6:BusFault_Handler	0	static
../src/cr_startup_lpc175x_6x.c:334:6:UsageFault_Handler	0	static
../src/cr_startup_lpc175x_6x.c:339:6:SVC_Handler	0	static
../src/cr_startup_lpc175x_6x.c:344:6:DebugMon_Handler	0	static
../src/cr_startup_lpc175x_6x.c:349:6:PendSV_Handler	0	static
../src/cr_startup_lpc175x_6x.c:354:6:SysTick_Handler	0	static
../src/cr_startup_lpc175x_6x.c:365:6:IntDefaultHandler	0	static
../src/cr_startup_lpc175x_6x.c:222:6:data_init	8	static
../src/cr_startup_lpc175x_6x.c:231:6:bss_init	0	static
../src/cr_startup_lpc175x_6x.c:257:1:ResetISR	16	static
