19:33:29 **** Clean-only build of configuration Debug for project CMSISv2p00_LPC17xx ****
make -r -j8 clean 
rm -rf ./src/core_cm3.o ./src/system_LPC17xx.o  ./Drivers/src/debug_frmwrk.o ./Drivers/src/lpc17xx_adc.o ./Drivers/src/lpc17xx_can.o ./Drivers/src/lpc17xx_clkpwr.o ./Drivers/src/lpc17xx_dac.o ./Drivers/src/lpc17xx_emac.o ./Drivers/src/lpc17xx_exti.o ./Drivers/src/lpc17xx_gpio.o ./Drivers/src/lpc17xx_i2c.o ./Drivers/src/lpc17xx_i2s.o ./Drivers/src/lpc17xx_libcfg_default.o ./Drivers/src/lpc17xx_mcpwm.o ./Drivers/src/lpc17xx_nvic.o ./Drivers/src/lpc17xx_pinsel.o ./Drivers/src/lpc17xx_pwm.o ./Drivers/src/lpc17xx_qei.o ./Drivers/src/lpc17xx_rit.o ./Drivers/src/lpc17xx_rtc.o ./Drivers/src/lpc17xx_spi.o ./Drivers/src/lpc17xx_ssp.o ./Drivers/src/lpc17xx_systick.o ./Drivers/src/lpc17xx_timer.o ./Drivers/src/lpc17xx_uart.o ./Drivers/src/lpc17xx_wdt.o ./src/core_cm3.d ./src/system_LPC17xx.d  ./Drivers/src/debug_frmwrk.d ./Drivers/src/lpc17xx_adc.d ./Drivers/src/lpc17xx_can.d ./Drivers/src/lpc17xx_clkpwr.d ./Drivers/src/lpc17xx_dac.d ./Drivers/src/lpc17xx_emac.d ./Drivers/src/lpc17xx_exti.d ./Drivers/src/lpc17xx_gpio.d ./Drivers/src/lpc17xx_i2c.d ./Drivers/src/lpc17xx_i2s.d ./Drivers/src/lpc17xx_libcfg_default.d ./Drivers/src/lpc17xx_mcpwm.d ./Drivers/src/lpc17xx_nvic.d ./Drivers/src/lpc17xx_pinsel.d ./Drivers/src/lpc17xx_pwm.d ./Drivers/src/lpc17xx_qei.d ./Drivers/src/lpc17xx_rit.d ./Drivers/src/lpc17xx_rtc.d ./Drivers/src/lpc17xx_spi.d ./Drivers/src/lpc17xx_ssp.d ./Drivers/src/lpc17xx_systick.d ./Drivers/src/lpc17xx_timer.d ./Drivers/src/lpc17xx_uart.d ./Drivers/src/lpc17xx_wdt.d  libCMSISv2p00_LPC17xx.a
 
19:33:30 **** Build of configuration Debug for project CMSISv2p00_LPC17xx ****
make -r -j8 all 
Building file: ../src/core_cm3.c
Building file: ../src/system_LPC17xx.c
Building file: ../Drivers/src/lpc17xx_adc.c
Building file: ../Drivers/src/debug_frmwrk.c
Building file: ../Drivers/src/lpc17xx_can.c
Invoking: MCU C Compiler
Invoking: MCU C Compiler
arm-none-eabi-gcc -D__REDLIB__ -DDEBUG -D__CODE_RED -I"C:\Users\majac\Documents\Docs Facu\8vo Semestre\Electronica Digital 3\TP Final\CMSISv2p00_LPC17xx\Drivers\inc" -I"../inc" -O0 -Os -g3 -gdwarf-4 -Wall -c -fmessage-length=0 -fno-builtin -ffunction-sections -fdata-sections -fmerge-constants -fmacro-prefix-map="../src/"= -mcpu=cortex-m3 -mthumb -D__REDLIB__ -fstack-usage -specs=redlib.specs -MMD -MP -MF"src/core_cm3.d" -MT"src/core_cm3.o" -MT"src/core_cm3.d" -o "src/core_cm3.o" "../src/core_cm3.c"
Invoking: MCU C Compiler
arm-none-eabi-gcc -D__REDLIB__ -DDEBUG -D__CODE_RED -I"C:\Users\majac\Documents\Docs Facu\8vo Semestre\Electronica Digital 3\TP Final\CMSISv2p00_LPC17xx\Drivers\inc" -I"../inc" -O0 -Os -g3 -gdwarf-4 -Wall -c -fmessage-length=0 -fno-builtin -ffunction-sections -fdata-sections -fmerge-constants -fmacro-prefix-map="../src/"= -mcpu=cortex-m3 -mthumb -D__REDLIB__ -fstack-usage -specs=redlib.specs -MMD -MP -MF"src/system_LPC17xx.d" -MT"src/system_LPC17xx.o" -MT"src/system_LPC17xx.d" -o "src/system_LPC17xx.o" "../src/system_LPC17xx.c"
Invoking: MCU C Compiler
arm-none-eabi-gcc -D__REDLIB__ -DDEBUG -D__CODE_RED -I"C:\Users\majac\Documents\Docs Facu\8vo Semestre\Electronica Digital 3\TP Final\CMSISv2p00_LPC17xx\Drivers\inc" -I"../inc" -O0 -Os -g3 -gdwarf-4 -Wall -c -fmessage-length=0 -fno-builtin -ffunction-sections -fdata-sections -fmerge-constants -fmacro-prefix-map="../Drivers/src/"= -mcpu=cortex-m3 -mthumb -D__REDLIB__ -fstack-usage -specs=redlib.specs -MMD -MP -MF"Drivers/src/debug_frmwrk.d" -MT"Drivers/src/debug_frmwrk.o" -MT"Drivers/src/debug_frmwrk.d" -o "Drivers/src/debug_frmwrk.o" "../Drivers/src/debug_frmwrk.c"
Invoking: MCU C Compiler
arm-none-eabi-gcc -D__REDLIB__ -DDEBUG -D__CODE_RED -I"C:\Users\majac\Documents\Docs Facu\8vo Semestre\Electronica Digital 3\TP Final\CMSISv2p00_LPC17xx\Drivers\inc" -I"../inc" -O0 -Os -g3 -gdwarf-4 -Wall -c -fmessage-length=0 -fno-builtin -ffunction-sections -fdata-sections -fmerge-constants -fmacro-prefix-map="../Drivers/src/"= -mcpu=cortex-m3 -mthumb -D__REDLIB__ -fstack-usage -specs=redlib.specs -MMD -MP -MF"Drivers/src/lpc17xx_adc.d" -MT"Drivers/src/lpc17xx_adc.o" -MT"Drivers/src/lpc17xx_adc.d" -o "Drivers/src/lpc17xx_adc.o" "../Drivers/src/lpc17xx_adc.c"
arm-none-eabi-gcc -D__REDLIB__ -DDEBUG -D__CODE_RED -I"C:\Users\majac\Documents\Docs Facu\8vo Semestre\Electronica Digital 3\TP Final\CMSISv2p00_LPC17xx\Drivers\inc" -I"../inc" -O0 -Os -g3 -gdwarf-4 -Wall -c -fmessage-length=0 -fno-builtin -ffunction-sections -fdata-sections -fmerge-constants -fmacro-prefix-map="../Drivers/src/"= -mcpu=cortex-m3 -mthumb -D__REDLIB__ -fstack-usage -specs=redlib.specs -MMD -MP -MF"Drivers/src/lpc17xx_can.d" -MT"Drivers/src/lpc17xx_can.o" -MT"Drivers/src/lpc17xx_can.d" -o "Drivers/src/lpc17xx_can.o" "../Drivers/src/lpc17xx_can.c"
Building file: ../Drivers/src/lpc17xx_clkpwr.c
Building file: ../Drivers/src/lpc17xx_dac.c
Building file: ../Drivers/src/lpc17xx_emac.c
In file included from ../Drivers/src/lpc17xx_adc.c:36:
C:\Users\majac\Documents\Docs Facu\8vo Semestre\Electronica Digital 3\TP Final\CMSISv2p00_LPC17xx\Drivers\inc/lpc17xx_libcfg_default.h:42:9: warning: "DEBUG" redefined
   42 | #define DEBUG
      |         ^~~~~
<command-line>: note: this is the location of the previous definition
Invoking: MCU C Compiler
Invoking: MCU C Compiler
Invoking: MCU C Compiler
arm-none-eabi-gcc -D__REDLIB__ -DDEBUG -D__CODE_RED -I"C:\Users\majac\Documents\Docs Facu\8vo Semestre\Electronica Digital 3\TP Final\CMSISv2p00_LPC17xx\Drivers\inc" -I"../inc" -O0 -Os -g3 -gdwarf-4 -Wall -c -fmessage-length=0 -fno-builtin -ffunction-sections -fdata-sections -fmerge-constants -fmacro-prefix-map="../Drivers/src/"= -mcpu=cortex-m3 -mthumb -D__REDLIB__ -fstack-usage -specs=redlib.specs -MMD -MP -MF"Drivers/src/lpc17xx_dac.d" -MT"Drivers/src/lpc17xx_dac.o" -MT"Drivers/src/lpc17xx_dac.d" -o "Drivers/src/lpc17xx_dac.o" "../Drivers/src/lpc17xx_dac.c"
arm-none-eabi-gcc -D__REDLIB__ -DDEBUG -D__CODE_RED -I"C:\Users\majac\Documents\Docs Facu\8vo Semestre\Electronica Digital 3\TP Final\CMSISv2p00_LPC17xx\Drivers\inc" -I"../inc" -O0 -Os -g3 -gdwarf-4 -Wall -c -fmessage-length=0 -fno-builtin -ffunction-sections -fdata-sections -fmerge-constants -fmacro-prefix-map="../Drivers/src/"= -mcpu=cortex-m3 -mthumb -D__REDLIB__ -fstack-usage -specs=redlib.specs -MMD -MP -MF"Drivers/src/lpc17xx_clkpwr.d" -MT"Drivers/src/lpc17xx_clkpwr.o" -MT"Drivers/src/lpc17xx_clkpwr.d" -o "Drivers/src/lpc17xx_clkpwr.o" "../Drivers/src/lpc17xx_clkpwr.c"
arm-none-eabi-gcc -D__REDLIB__ -DDEBUG -D__CODE_RED -I"C:\Users\majac\Documents\Docs Facu\8vo Semestre\Electronica Digital 3\TP Final\CMSISv2p00_LPC17xx\Drivers\inc" -I"../inc" -O0 -Os -g3 -gdwarf-4 -Wall -c -fmessage-length=0 -fno-builtin -ffunction-sections -fdata-sections -fmerge-constants -fmacro-prefix-map="../Drivers/src/"= -mcpu=cortex-m3 -mthumb -D__REDLIB__ -fstack-usage -specs=redlib.specs -MMD -MP -MF"Drivers/src/lpc17xx_emac.d" -MT"Drivers/src/lpc17xx_emac.o" -MT"Drivers/src/lpc17xx_emac.d" -o "Drivers/src/lpc17xx_emac.o" "../Drivers/src/lpc17xx_emac.c"
In file included from ../Drivers/src/debug_frmwrk.c:30:
C:\Users\majac\Documents\Docs Facu\8vo Semestre\Electronica Digital 3\TP Final\CMSISv2p00_LPC17xx\Drivers\inc/lpc17xx_libcfg_default.h:42:9: warning: "DEBUG" redefined
   42 | #define DEBUG
      |         ^~~~~
<command-line>: note: this is the location of the previous definition
In file included from ../Drivers/src/lpc17xx_can.c:36:
C:\Users\majac\Documents\Docs Facu\8vo Semestre\Electronica Digital 3\TP Final\CMSISv2p00_LPC17xx\Drivers\inc/lpc17xx_libcfg_default.h:42:9: warning: "DEBUG" redefined
   42 | #define DEBUG
      |         ^~~~~
<command-line>: note: this is the location of the previous definition
../Drivers/src/lpc17xx_can.c: In function 'CAN_Init':
../Drivers/src/lpc17xx_can.c:164:23: warning: unused variable 'temp' [-Wunused-variable]
  164 |     volatile uint32_t temp = CANx->ICR;
      |                       ^~~~
In file included from ../Drivers/src/lpc17xx_dac.c:36:
C:\Users\majac\Documents\Docs Facu\8vo Semestre\Electronica Digital 3\TP Final\CMSISv2p00_LPC17xx\Drivers\inc/lpc17xx_libcfg_default.h:42:9: warning: "DEBUG" redefined
   42 | #define DEBUG
      |         ^~~~~
<command-line>: note: this is the location of the previous definition
In file included from ../Drivers/src/lpc17xx_emac.c:36:
C:\Users\majac\Documents\Docs Facu\8vo Semestre\Electronica Digital 3\TP Final\CMSISv2p00_LPC17xx\Drivers\inc/lpc17xx_libcfg_default.h:42:9: warning: "DEBUG" redefined
   42 | #define DEBUG
      |         ^~~~~
<command-line>: note: this is the location of the previous definition
Finished building: ../Drivers/src/lpc17xx_adc.c
Finished building: ../src/system_LPC17xx.c
 
Finished building: ../src/core_cm3.c
 
Finished building: ../Drivers/src/debug_frmwrk.c
Finished building: ../Drivers/src/lpc17xx_dac.c
Building file: ../Drivers/src/lpc17xx_exti.c
 
Building file: ../Drivers/src/lpc17xx_gpdma.c
 
Finished building: ../Drivers/src/lpc17xx_clkpwr.c
Invoking: MCU C Compiler
 
arm-none-eabi-gcc -D__REDLIB__ -DDEBUG -D__CODE_RED -I"C:\Users\majac\Documents\Docs Facu\8vo Semestre\Electronica Digital 3\TP Final\CMSISv2p00_LPC17xx\Drivers\inc" -I"../inc" -O0 -Os -g3 -gdwarf-4 -Wall -c -fmessage-length=0 -fno-builtin -ffunction-sections -fdata-sections -fmerge-constants -fmacro-prefix-map="../Drivers/src/"= -mcpu=cortex-m3 -mthumb -D__REDLIB__ -fstack-usage -specs=redlib.specs -MMD -MP -MF"Drivers/src/lpc17xx_exti.d" -MT"Drivers/src/lpc17xx_exti.o" -MT"Drivers/src/lpc17xx_exti.d" -o "Drivers/src/lpc17xx_exti.o" "../Drivers/src/lpc17xx_exti.c"
Invoking: MCU C Compiler
 
arm-none-eabi-gcc -D__REDLIB__ -DDEBUG -D__CODE_RED -I"C:\Users\majac\Documents\Docs Facu\8vo Semestre\Electronica Digital 3\TP Final\CMSISv2p00_LPC17xx\Drivers\inc" -I"../inc" -O0 -Os -g3 -gdwarf-4 -Wall -c -fmessage-length=0 -fno-builtin -ffunction-sections -fdata-sections -fmerge-constants -fmacro-prefix-map="../Drivers/src/"= -mcpu=cortex-m3 -mthumb -D__REDLIB__ -fstack-usage -specs=redlib.specs -MMD -MP -MF"Drivers/src/lpc17xx_gpdma.d" -MT"Drivers/src/lpc17xx_gpdma.o" -MT"Drivers/src/lpc17xx_gpdma.d" -o "Drivers/src/lpc17xx_gpdma.o" "../Drivers/src/lpc17xx_gpdma.c"
Building file: ../Drivers/src/lpc17xx_gpio.c
Finished building: ../Drivers/src/lpc17xx_emac.c
Building file: ../Drivers/src/lpc17xx_i2c.c
Building file: ../Drivers/src/lpc17xx_i2s.c
Invoking: MCU C Compiler
arm-none-eabi-gcc -D__REDLIB__ -DDEBUG -D__CODE_RED -I"C:\Users\majac\Documents\Docs Facu\8vo Semestre\Electronica Digital 3\TP Final\CMSISv2p00_LPC17xx\Drivers\inc" -I"../inc" -O0 -Os -g3 -gdwarf-4 -Wall -c -fmessage-length=0 -fno-builtin -ffunction-sections -fdata-sections -fmerge-constants -fmacro-prefix-map="../Drivers/src/"= -mcpu=cortex-m3 -mthumb -D__REDLIB__ -fstack-usage -specs=redlib.specs -MMD -MP -MF"Drivers/src/lpc17xx_gpio.d" -MT"Drivers/src/lpc17xx_gpio.o" -MT"Drivers/src/lpc17xx_gpio.d" -o "Drivers/src/lpc17xx_gpio.o" "../Drivers/src/lpc17xx_gpio.c"
 
Building file: ../Drivers/src/lpc17xx_libcfg_default.c
Building file: ../Drivers/src/lpc17xx_mcpwm.c
Invoking: MCU C Compiler
In file included from ../Drivers/src/lpc17xx_gpdma.c:43:
C:\Users\majac\Documents\Docs Facu\8vo Semestre\Electronica Digital 3\TP Final\CMSISv2p00_LPC17xx\Drivers\inc/lpc17xx_libcfg_default.h:42:9: warning: "DEBUG" redefined
   42 | #define DEBUG
      |         ^~~~~
<command-line>: note: this is the location of the previous definition
arm-none-eabi-gcc -D__REDLIB__ -DDEBUG -D__CODE_RED -I"C:\Users\majac\Documents\Docs Facu\8vo Semestre\Electronica Digital 3\TP Final\CMSISv2p00_LPC17xx\Drivers\inc" -I"../inc" -O0 -Os -g3 -gdwarf-4 -Wall -c -fmessage-length=0 -fno-builtin -ffunction-sections -fdata-sections -fmerge-constants -fmacro-prefix-map="../Drivers/src/"= -mcpu=cortex-m3 -mthumb -D__REDLIB__ -fstack-usage -specs=redlib.specs -MMD -MP -MF"Drivers/src/lpc17xx_i2c.d" -MT"Drivers/src/lpc17xx_i2c.o" -MT"Drivers/src/lpc17xx_i2c.d" -o "Drivers/src/lpc17xx_i2c.o" "../Drivers/src/lpc17xx_i2c.c"
Invoking: MCU C Compiler
Invoking: MCU C Compiler
arm-none-eabi-gcc -D__REDLIB__ -DDEBUG -D__CODE_RED -I"C:\Users\majac\Documents\Docs Facu\8vo Semestre\Electronica Digital 3\TP Final\CMSISv2p00_LPC17xx\Drivers\inc" -I"../inc" -O0 -Os -g3 -gdwarf-4 -Wall -c -fmessage-length=0 -fno-builtin -ffunction-sections -fdata-sections -fmerge-constants -fmacro-prefix-map="../Drivers/src/"= -mcpu=cortex-m3 -mthumb -D__REDLIB__ -fstack-usage -specs=redlib.specs -MMD -MP -MF"Drivers/src/lpc17xx_libcfg_default.d" -MT"Drivers/src/lpc17xx_libcfg_default.o" -MT"Drivers/src/lpc17xx_libcfg_default.d" -o "Drivers/src/lpc17xx_libcfg_default.o" "../Drivers/src/lpc17xx_libcfg_default.c"
arm-none-eabi-gcc -D__REDLIB__ -DDEBUG -D__CODE_RED -I"C:\Users\majac\Documents\Docs Facu\8vo Semestre\Electronica Digital 3\TP Final\CMSISv2p00_LPC17xx\Drivers\inc" -I"../inc" -O0 -Os -g3 -gdwarf-4 -Wall -c -fmessage-length=0 -fno-builtin -ffunction-sections -fdata-sections -fmerge-constants -fmacro-prefix-map="../Drivers/src/"= -mcpu=cortex-m3 -mthumb -D__REDLIB__ -fstack-usage -specs=redlib.specs -MMD -MP -MF"Drivers/src/lpc17xx_i2s.d" -MT"Drivers/src/lpc17xx_i2s.o" -MT"Drivers/src/lpc17xx_i2s.d" -o "Drivers/src/lpc17xx_i2s.o" "../Drivers/src/lpc17xx_i2s.c"
Invoking: MCU C Compiler
In file included from ../Drivers/src/lpc17xx_exti.c:35:
C:\Users\majac\Documents\Docs Facu\8vo Semestre\Electronica Digital 3\TP Final\CMSISv2p00_LPC17xx\Drivers\inc/lpc17xx_libcfg_default.h:42:9: warning: "DEBUG" redefined
   42 | #define DEBUG
      |         ^~~~~
<command-line>: note: this is the location of the previous definition
arm-none-eabi-gcc -D__REDLIB__ -DDEBUG -D__CODE_RED -I"C:\Users\majac\Documents\Docs Facu\8vo Semestre\Electronica Digital 3\TP Final\CMSISv2p00_LPC17xx\Drivers\inc" -I"../inc" -O0 -Os -g3 -gdwarf-4 -Wall -c -fmessage-length=0 -fno-builtin -ffunction-sections -fdata-sections -fmerge-constants -fmacro-prefix-map="../Drivers/src/"= -mcpu=cortex-m3 -mthumb -D__REDLIB__ -fstack-usage -specs=redlib.specs -MMD -MP -MF"Drivers/src/lpc17xx_mcpwm.d" -MT"Drivers/src/lpc17xx_mcpwm.o" -MT"Drivers/src/lpc17xx_mcpwm.d" -o "Drivers/src/lpc17xx_mcpwm.o" "../Drivers/src/lpc17xx_mcpwm.c"
In file included from ../Drivers/src/lpc17xx_gpio.c:35:
C:\Users\majac\Documents\Docs Facu\8vo Semestre\Electronica Digital 3\TP Final\CMSISv2p00_LPC17xx\Drivers\inc/lpc17xx_libcfg_default.h:42:9: warning: "DEBUG" redefined
   42 | #define DEBUG
      |         ^~~~~
<command-line>: note: this is the location of the previous definition
In file included from ../Drivers/src/lpc17xx_i2c.c:38:
C:\Users\majac\Documents\Docs Facu\8vo Semestre\Electronica Digital 3\TP Final\CMSISv2p00_LPC17xx\Drivers\inc/lpc17xx_libcfg_default.h:42:9: warning: "DEBUG" redefined
   42 | #define DEBUG
      |         ^~~~~
<command-line>: note: this is the location of the previous definition
In file included from ../Drivers/src/lpc17xx_i2s.c:37:
C:\Users\majac\Documents\Docs Facu\8vo Semestre\Electronica Digital 3\TP Final\CMSISv2p00_LPC17xx\Drivers\inc/lpc17xx_libcfg_default.h:42:9: warning: "DEBUG" redefined
   42 | #define DEBUG
      |         ^~~~~
<command-line>: note: this is the location of the previous definition
In file included from ../Drivers/src/lpc17xx_libcfg_default.c:27:
C:\Users\majac\Documents\Docs Facu\8vo Semestre\Electronica Digital 3\TP Final\CMSISv2p00_LPC17xx\Drivers\inc/lpc17xx_libcfg_default.h:42:9: warning: "DEBUG" redefined
   42 | #define DEBUG
      |         ^~~~~
<command-line>: note: this is the location of the previous definition
In file included from ../Drivers/src/lpc17xx_mcpwm.c:37:
C:\Users\majac\Documents\Docs Facu\8vo Semestre\Electronica Digital 3\TP Final\CMSISv2p00_LPC17xx\Drivers\inc/lpc17xx_libcfg_default.h:42:9: warning: "DEBUG" redefined
   42 | #define DEBUG
      |         ^~~~~
<command-line>: note: this is the location of the previous definition
Finished building: ../Drivers/src/lpc17xx_gpdma.c
Finished building: ../Drivers/src/lpc17xx_exti.c
 
 
Building file: ../Drivers/src/lpc17xx_nvic.c
Finished building: ../Drivers/src/lpc17xx_can.c
Finished building: ../Drivers/src/lpc17xx_libcfg_default.c
Finished building: ../Drivers/src/lpc17xx_gpio.c
Invoking: MCU C Compiler
Building file: ../Drivers/src/lpc17xx_pinsel.c
arm-none-eabi-gcc -D__REDLIB__ -DDEBUG -D__CODE_RED -I"C:\Users\majac\Documents\Docs Facu\8vo Semestre\Electronica Digital 3\TP Final\CMSISv2p00_LPC17xx\Drivers\inc" -I"../inc" -O0 -Os -g3 -gdwarf-4 -Wall -c -fmessage-length=0 -fno-builtin -ffunction-sections -fdata-sections -fmerge-constants -fmacro-prefix-map="../Drivers/src/"= -mcpu=cortex-m3 -mthumb -D__REDLIB__ -fstack-usage -specs=redlib.specs -MMD -MP -MF"Drivers/src/lpc17xx_nvic.d" -MT"Drivers/src/lpc17xx_nvic.o" -MT"Drivers/src/lpc17xx_nvic.d" -o "Drivers/src/lpc17xx_nvic.o" "../Drivers/src/lpc17xx_nvic.c"
 
 
 
Invoking: MCU C Compiler
Building file: ../Drivers/src/lpc17xx_pwm.c
Building file: ../Drivers/src/lpc17xx_qei.c
arm-none-eabi-gcc -D__REDLIB__ -DDEBUG -D__CODE_RED -I"C:\Users\majac\Documents\Docs Facu\8vo Semestre\Electronica Digital 3\TP Final\CMSISv2p00_LPC17xx\Drivers\inc" -I"../inc" -O0 -Os -g3 -gdwarf-4 -Wall -c -fmessage-length=0 -fno-builtin -ffunction-sections -fdata-sections -fmerge-constants -fmacro-prefix-map="../Drivers/src/"= -mcpu=cortex-m3 -mthumb -D__REDLIB__ -fstack-usage -specs=redlib.specs -MMD -MP -MF"Drivers/src/lpc17xx_pinsel.d" -MT"Drivers/src/lpc17xx_pinsel.o" -MT"Drivers/src/lpc17xx_pinsel.d" -o "Drivers/src/lpc17xx_pinsel.o" "../Drivers/src/lpc17xx_pinsel.c"
Building file: ../Drivers/src/lpc17xx_rit.c
Invoking: MCU C Compiler
arm-none-eabi-gcc -D__REDLIB__ -DDEBUG -D__CODE_RED -I"C:\Users\majac\Documents\Docs Facu\8vo Semestre\Electronica Digital 3\TP Final\CMSISv2p00_LPC17xx\Drivers\inc" -I"../inc" -O0 -Os -g3 -gdwarf-4 -Wall -c -fmessage-length=0 -fno-builtin -ffunction-sections -fdata-sections -fmerge-constants -fmacro-prefix-map="../Drivers/src/"= -mcpu=cortex-m3 -mthumb -D__REDLIB__ -fstack-usage -specs=redlib.specs -MMD -MP -MF"Drivers/src/lpc17xx_pwm.d" -MT"Drivers/src/lpc17xx_pwm.o" -MT"Drivers/src/lpc17xx_pwm.d" -o "Drivers/src/lpc17xx_pwm.o" "../Drivers/src/lpc17xx_pwm.c"
Finished building: ../Drivers/src/lpc17xx_mcpwm.c
Invoking: MCU C Compiler
arm-none-eabi-gcc -D__REDLIB__ -DDEBUG -D__CODE_RED -I"C:\Users\majac\Documents\Docs Facu\8vo Semestre\Electronica Digital 3\TP Final\CMSISv2p00_LPC17xx\Drivers\inc" -I"../inc" -O0 -Os -g3 -gdwarf-4 -Wall -c -fmessage-length=0 -fno-builtin -ffunction-sections -fdata-sections -fmerge-constants -fmacro-prefix-map="../Drivers/src/"= -mcpu=cortex-m3 -mthumb -D__REDLIB__ -fstack-usage -specs=redlib.specs -MMD -MP -MF"Drivers/src/lpc17xx_qei.d" -MT"Drivers/src/lpc17xx_qei.o" -MT"Drivers/src/lpc17xx_qei.d" -o "Drivers/src/lpc17xx_qei.o" "../Drivers/src/lpc17xx_qei.c"
Finished building: ../Drivers/src/lpc17xx_i2s.c
 
Invoking: MCU C Compiler
../Drivers/src/lpc17xx_nvic.c: In function 'NVIC_SCBDeInit':
../Drivers/src/lpc17xx_nvic.c:107:31: warning: iteration 12 invokes undefined behavior [-Waggressive-loop-optimizations]
  107 |                 SCB->SHP[tmp] = 0x00;
../Drivers/src/lpc17xx_nvic.c:106:27: note: within this loop
  106 |         for (tmp = 0; tmp < 32; tmp++) {
      |                       ~~~~^~~~
arm-none-eabi-gcc -D__REDLIB__ -DDEBUG -D__CODE_RED -I"C:\Users\majac\Documents\Docs Facu\8vo Semestre\Electronica Digital 3\TP Final\CMSISv2p00_LPC17xx\Drivers\inc" -I"../inc" -O0 -Os -g3 -gdwarf-4 -Wall -c -fmessage-length=0 -fno-builtin -ffunction-sections -fdata-sections -fmerge-constants -fmacro-prefix-map="../Drivers/src/"= -mcpu=cortex-m3 -mthumb -D__REDLIB__ -fstack-usage -specs=redlib.specs -MMD -MP -MF"Drivers/src/lpc17xx_rit.d" -MT"Drivers/src/lpc17xx_rit.o" -MT"Drivers/src/lpc17xx_rit.d" -o "Drivers/src/lpc17xx_rit.o" "../Drivers/src/lpc17xx_rit.c"
 
Finished building: ../Drivers/src/lpc17xx_i2c.c
Building file: ../Drivers/src/lpc17xx_rtc.c
 
Building file: ../Drivers/src/lpc17xx_spi.c
Invoking: MCU C Compiler
Invoking: MCU C Compiler
arm-none-eabi-gcc -D__REDLIB__ -DDEBUG -D__CODE_RED -I"C:\Users\majac\Documents\Docs Facu\8vo Semestre\Electronica Digital 3\TP Final\CMSISv2p00_LPC17xx\Drivers\inc" -I"../inc" -O0 -Os -g3 -gdwarf-4 -Wall -c -fmessage-length=0 -fno-builtin -ffunction-sections -fdata-sections -fmerge-constants -fmacro-prefix-map="../Drivers/src/"= -mcpu=cortex-m3 -mthumb -D__REDLIB__ -fstack-usage -specs=redlib.specs -MMD -MP -MF"Drivers/src/lpc17xx_rtc.d" -MT"Drivers/src/lpc17xx_rtc.o" -MT"Drivers/src/lpc17xx_rtc.d" -o "Drivers/src/lpc17xx_rtc.o" "../Drivers/src/lpc17xx_rtc.c"
Building file: ../Drivers/src/lpc17xx_ssp.c
arm-none-eabi-gcc -D__REDLIB__ -DDEBUG -D__CODE_RED -I"C:\Users\majac\Documents\Docs Facu\8vo Semestre\Electronica Digital 3\TP Final\CMSISv2p00_LPC17xx\Drivers\inc" -I"../inc" -O0 -Os -g3 -gdwarf-4 -Wall -c -fmessage-length=0 -fno-builtin -ffunction-sections -fdata-sections -fmerge-constants -fmacro-prefix-map="../Drivers/src/"= -mcpu=cortex-m3 -mthumb -D__REDLIB__ -fstack-usage -specs=redlib.specs -MMD -MP -MF"Drivers/src/lpc17xx_spi.d" -MT"Drivers/src/lpc17xx_spi.o" -MT"Drivers/src/lpc17xx_spi.d" -o "Drivers/src/lpc17xx_spi.o" "../Drivers/src/lpc17xx_spi.c"
In file included from ../Drivers/src/lpc17xx_pwm.c:36:
C:\Users\majac\Documents\Docs Facu\8vo Semestre\Electronica Digital 3\TP Final\CMSISv2p00_LPC17xx\Drivers\inc/lpc17xx_libcfg_default.h:42:9: warning: "DEBUG" redefined
   42 | #define DEBUG
      |         ^~~~~
<command-line>: note: this is the location of the previous definition
Invoking: MCU C Compiler
In file included from ../Drivers/src/lpc17xx_qei.c:37:
C:\Users\majac\Documents\Docs Facu\8vo Semestre\Electronica Digital 3\TP Final\CMSISv2p00_LPC17xx\Drivers\inc/lpc17xx_libcfg_default.h:42:9: warning: "DEBUG" redefined
   42 | #define DEBUG
      |         ^~~~~
<command-line>: note: this is the location of the previous definition
In file included from ../Drivers/src/lpc17xx_rit.c:36:
C:\Users\majac\Documents\Docs Facu\8vo Semestre\Electronica Digital 3\TP Final\CMSISv2p00_LPC17xx\Drivers\inc/lpc17xx_libcfg_default.h:42:9: warning: "DEBUG" redefined
   42 | #define DEBUG
      |         ^~~~~
<command-line>: note: this is the location of the previous definition
arm-none-eabi-gcc -D__REDLIB__ -DDEBUG -D__CODE_RED -I"C:\Users\majac\Documents\Docs Facu\8vo Semestre\Electronica Digital 3\TP Final\CMSISv2p00_LPC17xx\Drivers\inc" -I"../inc" -O0 -Os -g3 -gdwarf-4 -Wall -c -fmessage-length=0 -fno-builtin -ffunction-sections -fdata-sections -fmerge-constants -fmacro-prefix-map="../Drivers/src/"= -mcpu=cortex-m3 -mthumb -D__REDLIB__ -fstack-usage -specs=redlib.specs -MMD -MP -MF"Drivers/src/lpc17xx_ssp.d" -MT"Drivers/src/lpc17xx_ssp.o" -MT"Drivers/src/lpc17xx_ssp.d" -o "Drivers/src/lpc17xx_ssp.o" "../Drivers/src/lpc17xx_ssp.c"
Finished building: ../Drivers/src/lpc17xx_nvic.c
 
In file included from ../Drivers/src/lpc17xx_spi.c:36:
C:\Users\majac\Documents\Docs Facu\8vo Semestre\Electronica Digital 3\TP Final\CMSISv2p00_LPC17xx\Drivers\inc/lpc17xx_libcfg_default.h:42:9: warning: "DEBUG" redefined
   42 | #define DEBUG
      |         ^~~~~
<command-line>: note: this is the location of the previous definition
Building file: ../Drivers/src/lpc17xx_systick.c
In file included from ../Drivers/src/lpc17xx_rtc.c:38:
C:\Users\majac\Documents\Docs Facu\8vo Semestre\Electronica Digital 3\TP Final\CMSISv2p00_LPC17xx\Drivers\inc/lpc17xx_libcfg_default.h:42:9: warning: "DEBUG" redefined
   42 | #define DEBUG
      |         ^~~~~
<command-line>: note: this is the location of the previous definition
In file included from ../Drivers/src/lpc17xx_ssp.c:37:
C:\Users\majac\Documents\Docs Facu\8vo Semestre\Electronica Digital 3\TP Final\CMSISv2p00_LPC17xx\Drivers\inc/lpc17xx_libcfg_default.h:42:9: warning: "DEBUG" redefined
   42 | #define DEBUG
      |         ^~~~~
<command-line>: note: this is the location of the previous definition
Invoking: MCU C Compiler
arm-none-eabi-gcc -D__REDLIB__ -DDEBUG -D__CODE_RED -I"C:\Users\majac\Documents\Docs Facu\8vo Semestre\Electronica Digital 3\TP Final\CMSISv2p00_LPC17xx\Drivers\inc" -I"../inc" -O0 -Os -g3 -gdwarf-4 -Wall -c -fmessage-length=0 -fno-builtin -ffunction-sections -fdata-sections -fmerge-constants -fmacro-prefix-map="../Drivers/src/"= -mcpu=cortex-m3 -mthumb -D__REDLIB__ -fstack-usage -specs=redlib.specs -MMD -MP -MF"Drivers/src/lpc17xx_systick.d" -MT"Drivers/src/lpc17xx_systick.o" -MT"Drivers/src/lpc17xx_systick.d" -o "Drivers/src/lpc17xx_systick.o" "../Drivers/src/lpc17xx_systick.c"
Finished building: ../Drivers/src/lpc17xx_pinsel.c
Finished building: ../Drivers/src/lpc17xx_rit.c
Finished building: ../Drivers/src/lpc17xx_pwm.c
Finished building: ../Drivers/src/lpc17xx_qei.c
 
 
 
 
Building file: ../Drivers/src/lpc17xx_timer.c
Building file: ../Drivers/src/lpc17xx_uart.c
In file included from ../Drivers/src/lpc17xx_systick.c:36:
C:\Users\majac\Documents\Docs Facu\8vo Semestre\Electronica Digital 3\TP Final\CMSISv2p00_LPC17xx\Drivers\inc/lpc17xx_libcfg_default.h:42:9: warning: "DEBUG" redefined
   42 | #define DEBUG
      |         ^~~~~
<command-line>: note: this is the location of the previous definition
Building file: ../Drivers/src/lpc17xx_wdt.c
Invoking: MCU C Compiler
Invoking: MCU C Compiler
arm-none-eabi-gcc -D__REDLIB__ -DDEBUG -D__CODE_RED -I"C:\Users\majac\Documents\Docs Facu\8vo Semestre\Electronica Digital 3\TP Final\CMSISv2p00_LPC17xx\Drivers\inc" -I"../inc" -O0 -Os -g3 -gdwarf-4 -Wall -c -fmessage-length=0 -fno-builtin -ffunction-sections -fdata-sections -fmerge-constants -fmacro-prefix-map="../Drivers/src/"= -mcpu=cortex-m3 -mthumb -D__REDLIB__ -fstack-usage -specs=redlib.specs -MMD -MP -MF"Drivers/src/lpc17xx_timer.d" -MT"Drivers/src/lpc17xx_timer.o" -MT"Drivers/src/lpc17xx_timer.d" -o "Drivers/src/lpc17xx_timer.o" "../Drivers/src/lpc17xx_timer.c"
arm-none-eabi-gcc -D__REDLIB__ -DDEBUG -D__CODE_RED -I"C:\Users\majac\Documents\Docs Facu\8vo Semestre\Electronica Digital 3\TP Final\CMSISv2p00_LPC17xx\Drivers\inc" -I"../inc" -O0 -Os -g3 -gdwarf-4 -Wall -c -fmessage-length=0 -fno-builtin -ffunction-sections -fdata-sections -fmerge-constants -fmacro-prefix-map="../Drivers/src/"= -mcpu=cortex-m3 -mthumb -D__REDLIB__ -fstack-usage -specs=redlib.specs -MMD -MP -MF"Drivers/src/lpc17xx_uart.d" -MT"Drivers/src/lpc17xx_uart.o" -MT"Drivers/src/lpc17xx_uart.d" -o "Drivers/src/lpc17xx_uart.o" "../Drivers/src/lpc17xx_uart.c"
Invoking: MCU C Compiler
arm-none-eabi-gcc -D__REDLIB__ -DDEBUG -D__CODE_RED -I"C:\Users\majac\Documents\Docs Facu\8vo Semestre\Electronica Digital 3\TP Final\CMSISv2p00_LPC17xx\Drivers\inc" -I"../inc" -O0 -Os -g3 -gdwarf-4 -Wall -c -fmessage-length=0 -fno-builtin -ffunction-sections -fdata-sections -fmerge-constants -fmacro-prefix-map="../Drivers/src/"= -mcpu=cortex-m3 -mthumb -D__REDLIB__ -fstack-usage -specs=redlib.specs -MMD -MP -MF"Drivers/src/lpc17xx_wdt.d" -MT"Drivers/src/lpc17xx_wdt.o" -MT"Drivers/src/lpc17xx_wdt.d" -o "Drivers/src/lpc17xx_wdt.o" "../Drivers/src/lpc17xx_wdt.c"
Finished building: ../Drivers/src/lpc17xx_spi.c
Finished building: ../Drivers/src/lpc17xx_rtc.c
Finished building: ../Drivers/src/lpc17xx_ssp.c
 
 
Finished building: ../Drivers/src/lpc17xx_systick.c
In file included from ../Drivers/src/lpc17xx_timer.c:37:
C:\Users\majac\Documents\Docs Facu\8vo Semestre\Electronica Digital 3\TP Final\CMSISv2p00_LPC17xx\Drivers\inc/lpc17xx_libcfg_default.h:42:9: warning: "DEBUG" redefined
   42 | #define DEBUG
      |         ^~~~~
<command-line>: note: this is the location of the previous definition
 
In file included from ../Drivers/src/lpc17xx_uart.c:36:
C:\Users\majac\Documents\Docs Facu\8vo Semestre\Electronica Digital 3\TP Final\CMSISv2p00_LPC17xx\Drivers\inc/lpc17xx_libcfg_default.h:42:9: warning: "DEBUG" redefined
   42 | #define DEBUG
      |         ^~~~~
<command-line>: note: this is the location of the previous definition
 
In file included from ../Drivers/src/lpc17xx_wdt.c:38:
C:\Users\majac\Documents\Docs Facu\8vo Semestre\Electronica Digital 3\TP Final\CMSISv2p00_LPC17xx\Drivers\inc/lpc17xx_libcfg_default.h:42:9: warning: "DEBUG" redefined
   42 | #define DEBUG
      |         ^~~~~
<command-line>: note: this is the location of the previous definition
Finished building: ../Drivers/src/lpc17xx_wdt.c
 
Finished building: ../Drivers/src/lpc17xx_timer.c
 
Finished building: ../Drivers/src/lpc17xx_uart.c
 
Building target: libCMSISv2p00_LPC17xx.a
Invoking: MCU Archiver
arm-none-eabi-ar -r  "libCMSISv2p00_LPC17xx.a" ./src/core_cm3.o ./src/system_LPC17xx.o  ./Drivers/src/debug_frmwrk.o ./Drivers/src/lpc17xx_adc.o ./Drivers/src/lpc17xx_can.o ./Drivers/src/lpc17xx_clkpwr.o ./Drivers/src/lpc17xx_dac.o ./Drivers/src/lpc17xx_emac.o ./Drivers/src/lpc17xx_exti.o ./Drivers/src/lpc17xx_gpdma.o ./Drivers/src/lpc17xx_gpio.o ./Drivers/src/lpc17xx_i2c.o ./Drivers/src/lpc17xx_i2s.o ./Drivers/src/lpc17xx_libcfg_default.o ./Drivers/src/lpc17xx_mcpwm.o ./Drivers/src/lpc17xx_nvic.o ./Drivers/src/lpc17xx_pinsel.o ./Drivers/src/lpc17xx_pwm.o ./Drivers/src/lpc17xx_qei.o ./Drivers/src/lpc17xx_rit.o ./Drivers/src/lpc17xx_rtc.o ./Drivers/src/lpc17xx_spi.o ./Drivers/src/lpc17xx_ssp.o ./Drivers/src/lpc17xx_systick.o ./Drivers/src/lpc17xx_timer.o ./Drivers/src/lpc17xx_uart.o ./Drivers/src/lpc17xx_wdt.o   
arm-none-eabi-ar: creating libCMSISv2p00_LPC17xx.a
Finished building target: libCMSISv2p00_LPC17xx.a
 
Performing post-build steps
arm-none-eabi-size libCMSISv2p00_LPC17xx.a ; # arm-none-eabi-objdump -h -S libCMSISv2p00_LPC17xx.a >libCMSISv2p00_LPC17xx.lss
   text	   data	    bss	    dec	    hex	filename
      0	      0	      0	      0	      0	core_cm3.o (ex libCMSISv2p00_LPC17xx.a)
    400	      4	      0	    404	    194	system_LPC17xx.o (ex libCMSISv2p00_LPC17xx.a)
    910	      0	     40	    950	    3b6	debug_frmwrk.o (ex libCMSISv2p00_LPC17xx.a)
    718	      0	      0	    718	    2ce	lpc17xx_adc.o (ex libCMSISv2p00_LPC17xx.a)
   5602	      0	     11	   5613	   15ed	lpc17xx_can.o (ex libCMSISv2p00_LPC17xx.a)
    299	      0	      0	    299	    12b	lpc17xx_clkpwr.o (ex libCMSISv2p00_LPC17xx.a)
    250	      0	      0	    250	     fa	lpc17xx_dac.o (ex libCMSISv2p00_LPC17xx.a)
   1295	      0	  10852	  12147	   2f73	lpc17xx_emac.o (ex libCMSISv2p00_LPC17xx.a)
    182	      0	      0	    182	     b6	lpc17xx_exti.o (ex libCMSISv2p00_LPC17xx.a)
    892	     32	      0	    924	    39c	lpc17xx_gpdma.o (ex libCMSISv2p00_LPC17xx.a)
    572	      0	      0	    572	    23c	lpc17xx_gpio.o (ex libCMSISv2p00_LPC17xx.a)
   2320	      0	     52	   2372	    944	lpc17xx_i2c.o (ex libCMSISv2p00_LPC17xx.a)
   1680	      0	      0	   1680	    690	lpc17xx_i2s.o (ex libCMSISv2p00_LPC17xx.a)
      2	      0	      0	      2	      2	lpc17xx_libcfg_default.o (ex libCMSISv2p00_LPC17xx.a)
    670	      0	      0	    670	    29e	lpc17xx_mcpwm.o (ex libCMSISv2p00_LPC17xx.a)
    116	      0	      0	    116	     74	lpc17xx_nvic.o (ex libCMSISv2p00_LPC17xx.a)
    180	      0	      0	    180	     b4	lpc17xx_pinsel.o (ex libCMSISv2p00_LPC17xx.a)
   1426	      0	      0	   1426	    592	lpc17xx_pwm.o (ex libCMSISv2p00_LPC17xx.a)
   1278	      0	      0	   1278	    4fe	lpc17xx_qei.o (ex libCMSISv2p00_LPC17xx.a)
    346	      0	      0	    346	    15a	lpc17xx_rit.o (ex libCMSISv2p00_LPC17xx.a)
   2238	      0	      0	   2238	    8be	lpc17xx_rtc.o (ex libCMSISv2p00_LPC17xx.a)
    820	      0	      0	    820	    334	lpc17xx_spi.o (ex libCMSISv2p00_LPC17xx.a)
   1490	      0	      0	   1490	    5d2	lpc17xx_ssp.o (ex libCMSISv2p00_LPC17xx.a)
    264	      0	      0	    264	    108	lpc17xx_systick.o (ex libCMSISv2p00_LPC17xx.a)
   1420	      0	      0	   1420	    58c	lpc17xx_timer.o (ex libCMSISv2p00_LPC17xx.a)
   2948	      0	      0	   2948	    b84	lpc17xx_uart.o (ex libCMSISv2p00_LPC17xx.a)
    314	      0	      0	    314	    13a	lpc17xx_wdt.o (ex libCMSISv2p00_LPC17xx.a)
 
19:33:35 **** Build of configuration Debug for project TP_Final ****
make -r -j8 all 
Building file: ../src/cr_startup_lpc175x_6x.c
Building file: ../src/crp.c
Building file: ../src/main.c
Invoking: MCU C Compiler
arm-none-eabi-gcc -DDEBUG -D__CODE_RED -DCORE_M3 -D__USE_CMSIS=CMSISv2p00_LPC17xx -D__LPC17XX__ -D__REDLIB__ -I"C:\Users\majac\Documents\Docs Facu\8vo Semestre\Electronica Digital 3\TP Final\CMSISv2p00_LPC17xx\inc" -O0 -fno-common -g3 -gdwarf-4 -Wall -c -fmessage-length=0 -fno-builtin -ffunction-sections -fdata-sections -fmerge-constants -fmacro-prefix-map="../src/"= -mcpu=cortex-m3 -mthumb -fstack-usage -specs=redlib.specs -MMD -MP -MF"src/cr_startup_lpc175x_6x.d" -MT"src/cr_startup_lpc175x_6x.o" -MT"src/cr_startup_lpc175x_6x.d" -o "src/cr_startup_lpc175x_6x.o" "../src/cr_startup_lpc175x_6x.c"
Invoking: MCU C Compiler
arm-none-eabi-gcc -DDEBUG -D__CODE_RED -DCORE_M3 -D__USE_CMSIS=CMSISv2p00_LPC17xx -D__LPC17XX__ -D__REDLIB__ -I"C:\Users\majac\Documents\Docs Facu\8vo Semestre\Electronica Digital 3\TP Final\CMSISv2p00_LPC17xx\inc" -O0 -fno-common -g3 -gdwarf-4 -Wall -c -fmessage-length=0 -fno-builtin -ffunction-sections -fdata-sections -fmerge-constants -fmacro-prefix-map="../src/"= -mcpu=cortex-m3 -mthumb -fstack-usage -specs=redlib.specs -MMD -MP -MF"src/crp.d" -MT"src/crp.o" -MT"src/crp.d" -o "src/crp.o" "../src/crp.c"
Invoking: MCU C Compiler
arm-none-eabi-gcc -DDEBUG -D__CODE_RED -DCORE_M3 -D__USE_CMSIS=CMSISv2p00_LPC17xx -D__LPC17XX__ -D__REDLIB__ -I"C:\Users\majac\Documents\Docs Facu\8vo Semestre\Electronica Digital 3\TP Final\CMSISv2p00_LPC17xx\inc" -O0 -fno-common -g3 -gdwarf-4 -Wall -c -fmessage-length=0 -fno-builtin -ffunction-sections -fdata-sections -fmerge-constants -fmacro-prefix-map="../src/"= -mcpu=cortex-m3 -mthumb -fstack-usage -specs=redlib.specs -MMD -MP -MF"src/main.d" -MT"src/main.o" -MT"src/main.d" -o "src/main.o" "../src/main.c"
../src/main.c:6:10: fatal error: lpc17xx_pinsel.h: No such file or directory
    6 | #include "lpc17xx_pinsel.h"
      |          ^~~~~~~~~~~~~~~~~~
compilation terminated.
make[1]: *** [src/subdir.mk:26: src/main.o] Error 1
make[1]: *** Waiting for unfinished jobs....
Finished building: ../src/crp.c
Finished building: ../src/cr_startup_lpc175x_6x.c
 
 
make: *** [makefile:35: all] Error 2
"make -r -j8 all" terminated with exit code 2. Build might be incomplete.
19:34:16 **** Incremental Build of configuration Debug for project CMSISv2p00_LPC17xx ****
make -r -j8 all 
make[1]: Nothing to be done for 'main-build'.
Performing post-build steps
arm-none-eabi-size libCMSISv2p00_LPC17xx.a ; # arm-none-eabi-objdump -h -S libCMSISv2p00_LPC17xx.a >libCMSISv2p00_LPC17xx.lss
   text	   data	    bss	    dec	    hex	filename
      0	      0	      0	      0	      0	core_cm3.o (ex libCMSISv2p00_LPC17xx.a)
    400	      4	      0	    404	    194	system_LPC17xx.o (ex libCMSISv2p00_LPC17xx.a)
    910	      0	     40	    950	    3b6	debug_frmwrk.o (ex libCMSISv2p00_LPC17xx.a)
    718	      0	      0	    718	    2ce	lpc17xx_adc.o (ex libCMSISv2p00_LPC17xx.a)
   5602	      0	     11	   5613	   15ed	lpc17xx_can.o (ex libCMSISv2p00_LPC17xx.a)
    299	      0	      0	    299	    12b	lpc17xx_clkpwr.o (ex libCMSISv2p00_LPC17xx.a)
    250	      0	      0	    250	     fa	lpc17xx_dac.o (ex libCMSISv2p00_LPC17xx.a)
   1295	      0	  10852	  12147	   2f73	lpc17xx_emac.o (ex libCMSISv2p00_LPC17xx.a)
    182	      0	      0	    182	     b6	lpc17xx_exti.o (ex libCMSISv2p00_LPC17xx.a)
    892	     32	      0	    924	    39c	lpc17xx_gpdma.o (ex libCMSISv2p00_LPC17xx.a)
    572	      0	      0	    572	    23c	lpc17xx_gpio.o (ex libCMSISv2p00_LPC17xx.a)
   2320	      0	     52	   2372	    944	lpc17xx_i2c.o (ex libCMSISv2p00_LPC17xx.a)
   1680	      0	      0	   1680	    690	lpc17xx_i2s.o (ex libCMSISv2p00_LPC17xx.a)
      2	      0	      0	      2	      2	lpc17xx_libcfg_default.o (ex libCMSISv2p00_LPC17xx.a)
    670	      0	      0	    670	    29e	lpc17xx_mcpwm.o (ex libCMSISv2p00_LPC17xx.a)
    116	      0	      0	    116	     74	lpc17xx_nvic.o (ex libCMSISv2p00_LPC17xx.a)
    180	      0	      0	    180	     b4	lpc17xx_pinsel.o (ex libCMSISv2p00_LPC17xx.a)
   1426	      0	      0	   1426	    592	lpc17xx_pwm.o (ex libCMSISv2p00_LPC17xx.a)
   1278	      0	      0	   1278	    4fe	lpc17xx_qei.o (ex libCMSISv2p00_LPC17xx.a)
    346	      0	      0	    346	    15a	lpc17xx_rit.o (ex libCMSISv2p00_LPC17xx.a)
   2238	      0	      0	   2238	    8be	lpc17xx_rtc.o (ex libCMSISv2p00_LPC17xx.a)
    820	      0	      0	    820	    334	lpc17xx_spi.o (ex libCMSISv2p00_LPC17xx.a)
   1490	      0	      0	   1490	    5d2	lpc17xx_ssp.o (ex libCMSISv2p00_LPC17xx.a)
    264	      0	      0	    264	    108	lpc17xx_systick.o (ex libCMSISv2p00_LPC17xx.a)
   1420	      0	      0	   1420	    58c	lpc17xx_timer.o (ex libCMSISv2p00_LPC17xx.a)
   2948	      0	      0	   2948	    b84	lpc17xx_uart.o (ex libCMSISv2p00_LPC17xx.a)
    314	      0	      0	    314	    13a	lpc17xx_wdt.o (ex libCMSISv2p00_LPC17xx.a)
 
19:34:17 **** Incremental Build of configuration Debug for project TP_Final ****
make -r -j8 all 
Building file: ../src/cr_startup_lpc175x_6x.c
Building file: ../src/crp.c
Building file: ../src/main.c
Invoking: MCU C Compiler
arm-none-eabi-gcc -DDEBUG -D__CODE_RED -DCORE_M3 -D__USE_CMSIS=CMSISv2p00_LPC17xx -D__LPC17XX__ -D__REDLIB__ -I"C:\Users\majac\Documents\Docs Facu\8vo Semestre\Electronica Digital 3\TP Final\CMSISv2p00_LPC17xx\inc" -O0 -fno-common -g3 -gdwarf-4 -Wall -c -fmessage-length=0 -fno-builtin -ffunction-sections -fdata-sections -fmerge-constants -fmacro-prefix-map="../src/"= -mcpu=cortex-m3 -mthumb -fstack-usage -specs=redlib.specs -MMD -MP -MF"src/cr_startup_lpc175x_6x.d" -MT"src/cr_startup_lpc175x_6x.o" -MT"src/cr_startup_lpc175x_6x.d" -o "src/cr_startup_lpc175x_6x.o" "../src/cr_startup_lpc175x_6x.c"
Invoking: MCU C Compiler
arm-none-eabi-gcc -DDEBUG -D__CODE_RED -DCORE_M3 -D__USE_CMSIS=CMSISv2p00_LPC17xx -D__LPC17XX__ -D__REDLIB__ -I"C:\Users\majac\Documents\Docs Facu\8vo Semestre\Electronica Digital 3\TP Final\CMSISv2p00_LPC17xx\inc" -O0 -fno-common -g3 -gdwarf-4 -Wall -c -fmessage-length=0 -fno-builtin -ffunction-sections -fdata-sections -fmerge-constants -fmacro-prefix-map="../src/"= -mcpu=cortex-m3 -mthumb -fstack-usage -specs=redlib.specs -MMD -MP -MF"src/crp.d" -MT"src/crp.o" -MT"src/crp.d" -o "src/crp.o" "../src/crp.c"
Invoking: MCU C Compiler
arm-none-eabi-gcc -DDEBUG -D__CODE_RED -DCORE_M3 -D__USE_CMSIS=CMSISv2p00_LPC17xx -D__LPC17XX__ -D__REDLIB__ -I"C:\Users\majac\Documents\Docs Facu\8vo Semestre\Electronica Digital 3\TP Final\CMSISv2p00_LPC17xx\inc" -I"C:\Users\majac\Documents\Docs Facu\8vo Semestre\Electronica Digital 3\TP Final\CMSISv2p00_LPC17xx\Drivers\inc" -O0 -fno-common -g3 -gdwarf-4 -Wall -c -fmessage-length=0 -fno-builtin -ffunction-sections -fdata-sections -fmerge-constants -fmacro-prefix-map="../src/"= -mcpu=cortex-m3 -mthumb -fstack-usage -specs=redlib.specs -MMD -MP -MF"src/main.d" -MT"src/main.o" -o "src/main.o" "../src/main.c"
Finished building: ../src/crp.c
Finished building: ../src/cr_startup_lpc175x_6x.c
 
 
Finished building: ../src/main.c
 
Building target: TP_Final.axf
Invoking: MCU Linker
arm-none-eabi-gcc -nostdlib -L"C:\Users\majac\Documents\Docs Facu\8vo Semestre\Electronica Digital 3\TP Final\CMSISv2p00_LPC17xx\Debug" -Xlinker -Map="TP_Final.map" -Xlinker --cref -Xlinker --gc-sections -Xlinker -print-memory-usage -mcpu=cortex-m3 -mthumb -T "TP_Final_Debug.ld" -o "TP_Final.axf" ./src/cr_startup_lpc175x_6x.o ./src/crp.o ./src/main.o    -lCMSISv2p00_LPC17xx
Memory region         Used Size  Region Size  %age Used
       MFlash512:        2908 B       512 KB      0.55%
        RamLoc32:           4 B        32 KB      0.01%
        RamAHB32:           0 B        32 KB      0.00%
Finished building target: TP_Final.axf
 
Performing post-build steps
arm-none-eabi-size "TP_Final.axf"; # arm-none-eabi-objcopy -v -O binary "TP_Final.axf" "TP_Final.bin" ; # checksum -p LPC1769 -d "TP_Final.bin";
   text	   data	    bss	    dec	    hex	filename
   2904	      4	      0	   2908	    b5c	TP_Final.axf
 
19:34:58 **** Incremental Build of configuration Debug for project CMSISv2p00_LPC17xx ****
make -r -j8 all 
make[1]: Nothing to be done for 'main-build'.
Performing post-build steps
arm-none-eabi-size libCMSISv2p00_LPC17xx.a ; # arm-none-eabi-objdump -h -S libCMSISv2p00_LPC17xx.a >libCMSISv2p00_LPC17xx.lss
   text	   data	    bss	    dec	    hex	filename
      0	      0	      0	      0	      0	core_cm3.o (ex libCMSISv2p00_LPC17xx.a)
    400	      4	      0	    404	    194	system_LPC17xx.o (ex libCMSISv2p00_LPC17xx.a)
    910	      0	     40	    950	    3b6	debug_frmwrk.o (ex libCMSISv2p00_LPC17xx.a)
    718	      0	      0	    718	    2ce	lpc17xx_adc.o (ex libCMSISv2p00_LPC17xx.a)
   5602	      0	     11	   5613	   15ed	lpc17xx_can.o (ex libCMSISv2p00_LPC17xx.a)
    299	      0	      0	    299	    12b	lpc17xx_clkpwr.o (ex libCMSISv2p00_LPC17xx.a)
    250	      0	      0	    250	     fa	lpc17xx_dac.o (ex libCMSISv2p00_LPC17xx.a)
   1295	      0	  10852	  12147	   2f73	lpc17xx_emac.o (ex libCMSISv2p00_LPC17xx.a)
    182	      0	      0	    182	     b6	lpc17xx_exti.o (ex libCMSISv2p00_LPC17xx.a)
    892	     32	      0	    924	    39c	lpc17xx_gpdma.o (ex libCMSISv2p00_LPC17xx.a)
    572	      0	      0	    572	    23c	lpc17xx_gpio.o (ex libCMSISv2p00_LPC17xx.a)
   2320	      0	     52	   2372	    944	lpc17xx_i2c.o (ex libCMSISv2p00_LPC17xx.a)
   1680	      0	      0	   1680	    690	lpc17xx_i2s.o (ex libCMSISv2p00_LPC17xx.a)
      2	      0	      0	      2	      2	lpc17xx_libcfg_default.o (ex libCMSISv2p00_LPC17xx.a)
    670	      0	      0	    670	    29e	lpc17xx_mcpwm.o (ex libCMSISv2p00_LPC17xx.a)
    116	      0	      0	    116	     74	lpc17xx_nvic.o (ex libCMSISv2p00_LPC17xx.a)
    180	      0	      0	    180	     b4	lpc17xx_pinsel.o (ex libCMSISv2p00_LPC17xx.a)
   1426	      0	      0	   1426	    592	lpc17xx_pwm.o (ex libCMSISv2p00_LPC17xx.a)
   1278	      0	      0	   1278	    4fe	lpc17xx_qei.o (ex libCMSISv2p00_LPC17xx.a)
    346	      0	      0	    346	    15a	lpc17xx_rit.o (ex libCMSISv2p00_LPC17xx.a)
   2238	      0	      0	   2238	    8be	lpc17xx_rtc.o (ex libCMSISv2p00_LPC17xx.a)
    820	      0	      0	    820	    334	lpc17xx_spi.o (ex libCMSISv2p00_LPC17xx.a)
   1490	      0	      0	   1490	    5d2	lpc17xx_ssp.o (ex libCMSISv2p00_LPC17xx.a)
    264	      0	      0	    264	    108	lpc17xx_systick.o (ex libCMSISv2p00_LPC17xx.a)
   1420	      0	      0	   1420	    58c	lpc17xx_timer.o (ex libCMSISv2p00_LPC17xx.a)
   2948	      0	      0	   2948	    b84	lpc17xx_uart.o (ex libCMSISv2p00_LPC17xx.a)
    314	      0	      0	    314	    13a	lpc17xx_wdt.o (ex libCMSISv2p00_LPC17xx.a)
 
19:34:59 **** Incremental Build of configuration Release for project TP_Final ****
make -r -j8 all 
Building file: ../src/cr_startup_lpc175x_6x.c
Building file: ../src/crp.c
Building file: ../src/main.c
Invoking: MCU C Compiler
arm-none-eabi-gcc -DNDEBUG -D__CODE_RED -DCORE_M3 -D__USE_CMSIS=CMSISv2p00_LPC17xx -D__LPC17XX__ -D__REDLIB__ -I"C:\Users\majac\Documents\Docs Facu\8vo Semestre\Electronica Digital 3\TP Final\CMSISv2p00_LPC17xx\inc" -Os -fno-common -g -gdwarf-4 -Wall -c -fmessage-length=0 -fno-builtin -ffunction-sections -fdata-sections -fmacro-prefix-map="../src/"= -mcpu=cortex-m3 -mthumb -fstack-usage -specs=redlib.specs -MMD -MP -MF"src/cr_startup_lpc175x_6x.d" -MT"src/cr_startup_lpc175x_6x.o" -MT"src/cr_startup_lpc175x_6x.d" -o "src/cr_startup_lpc175x_6x.o" "../src/cr_startup_lpc175x_6x.c"
Invoking: MCU C Compiler
arm-none-eabi-gcc -DNDEBUG -D__CODE_RED -DCORE_M3 -D__USE_CMSIS=CMSISv2p00_LPC17xx -D__LPC17XX__ -D__REDLIB__ -I"C:\Users\majac\Documents\Docs Facu\8vo Semestre\Electronica Digital 3\TP Final\CMSISv2p00_LPC17xx\inc" -Os -fno-common -g -gdwarf-4 -Wall -c -fmessage-length=0 -fno-builtin -ffunction-sections -fdata-sections -fmacro-prefix-map="../src/"= -mcpu=cortex-m3 -mthumb -fstack-usage -specs=redlib.specs -MMD -MP -MF"src/crp.d" -MT"src/crp.o" -MT"src/crp.d" -o "src/crp.o" "../src/crp.c"
Invoking: MCU C Compiler
arm-none-eabi-gcc -DNDEBUG -D__CODE_RED -DCORE_M3 -D__USE_CMSIS=CMSISv2p00_LPC17xx -D__LPC17XX__ -D__REDLIB__ -I"C:\Users\majac\Documents\Docs Facu\8vo Semestre\Electronica Digital 3\TP Final\CMSISv2p00_LPC17xx\inc" -Os -fno-common -g -gdwarf-4 -Wall -c -fmessage-length=0 -fno-builtin -ffunction-sections -fdata-sections -fmacro-prefix-map="../src/"= -mcpu=cortex-m3 -mthumb -fstack-usage -specs=redlib.specs -MMD -MP -MF"src/main.d" -MT"src/main.o" -MT"src/main.d" -o "src/main.o" "../src/main.c"
../src/main.c:6:10: fatal error: lpc17xx_pinsel.h: No such file or directory
    6 | #include "lpc17xx_pinsel.h"
      |          ^~~~~~~~~~~~~~~~~~
compilation terminated.
make[1]: *** [src/subdir.mk:26: src/main.o] Error 1
make[1]: *** Waiting for unfinished jobs....
Finished building: ../src/crp.c
 
Finished building: ../src/cr_startup_lpc175x_6x.c
 
make: *** [makefile:35: all] Error 2
"make -r -j8 all" terminated with exit code 2. Build might be incomplete.
19:35:06 **** Incremental Build of configuration Debug for project CMSISv2p00_LPC17xx ****
make -r -j8 all 
make[1]: Nothing to be done for 'main-build'.
Performing post-build steps
arm-none-eabi-size libCMSISv2p00_LPC17xx.a ; # arm-none-eabi-objdump -h -S libCMSISv2p00_LPC17xx.a >libCMSISv2p00_LPC17xx.lss
   text	   data	    bss	    dec	    hex	filename
      0	      0	      0	      0	      0	core_cm3.o (ex libCMSISv2p00_LPC17xx.a)
    400	      4	      0	    404	    194	system_LPC17xx.o (ex libCMSISv2p00_LPC17xx.a)
    910	      0	     40	    950	    3b6	debug_frmwrk.o (ex libCMSISv2p00_LPC17xx.a)
    718	      0	      0	    718	    2ce	lpc17xx_adc.o (ex libCMSISv2p00_LPC17xx.a)
   5602	      0	     11	   5613	   15ed	lpc17xx_can.o (ex libCMSISv2p00_LPC17xx.a)
    299	      0	      0	    299	    12b	lpc17xx_clkpwr.o (ex libCMSISv2p00_LPC17xx.a)
    250	      0	      0	    250	     fa	lpc17xx_dac.o (ex libCMSISv2p00_LPC17xx.a)
   1295	      0	  10852	  12147	   2f73	lpc17xx_emac.o (ex libCMSISv2p00_LPC17xx.a)
    182	      0	      0	    182	     b6	lpc17xx_exti.o (ex libCMSISv2p00_LPC17xx.a)
    892	     32	      0	    924	    39c	lpc17xx_gpdma.o (ex libCMSISv2p00_LPC17xx.a)
    572	      0	      0	    572	    23c	lpc17xx_gpio.o (ex libCMSISv2p00_LPC17xx.a)
   2320	      0	     52	   2372	    944	lpc17xx_i2c.o (ex libCMSISv2p00_LPC17xx.a)
   1680	      0	      0	   1680	    690	lpc17xx_i2s.o (ex libCMSISv2p00_LPC17xx.a)
      2	      0	      0	      2	      2	lpc17xx_libcfg_default.o (ex libCMSISv2p00_LPC17xx.a)
    670	      0	      0	    670	    29e	lpc17xx_mcpwm.o (ex libCMSISv2p00_LPC17xx.a)
    116	      0	      0	    116	     74	lpc17xx_nvic.o (ex libCMSISv2p00_LPC17xx.a)
    180	      0	      0	    180	     b4	lpc17xx_pinsel.o (ex libCMSISv2p00_LPC17xx.a)
   1426	      0	      0	   1426	    592	lpc17xx_pwm.o (ex libCMSISv2p00_LPC17xx.a)
   1278	      0	      0	   1278	    4fe	lpc17xx_qei.o (ex libCMSISv2p00_LPC17xx.a)
    346	      0	      0	    346	    15a	lpc17xx_rit.o (ex libCMSISv2p00_LPC17xx.a)
   2238	      0	      0	   2238	    8be	lpc17xx_rtc.o (ex libCMSISv2p00_LPC17xx.a)
    820	      0	      0	    820	    334	lpc17xx_spi.o (ex libCMSISv2p00_LPC17xx.a)
   1490	      0	      0	   1490	    5d2	lpc17xx_ssp.o (ex libCMSISv2p00_LPC17xx.a)
    264	      0	      0	    264	    108	lpc17xx_systick.o (ex libCMSISv2p00_LPC17xx.a)
   1420	      0	      0	   1420	    58c	lpc17xx_timer.o (ex libCMSISv2p00_LPC17xx.a)
   2948	      0	      0	   2948	    b84	lpc17xx_uart.o (ex libCMSISv2p00_LPC17xx.a)
    314	      0	      0	    314	    13a	lpc17xx_wdt.o (ex libCMSISv2p00_LPC17xx.a)
 
19:35:07 **** Incremental Build of configuration Debug for project TP_Final ****
make -r -j8 all 
make[1]: Nothing to be done for 'main-build'.
Performing post-build steps
arm-none-eabi-size "TP_Final.axf"; # arm-none-eabi-objcopy -v -O binary "TP_Final.axf" "TP_Final.bin" ; # checksum -p LPC1769 -d "TP_Final.bin";
   text	   data	    bss	    dec	    hex	filename
   2904	      4	      0	   2908	    b5c	TP_Final.axf
 
19:36:53 **** Incremental Build of configuration Debug for project CMSISv2p00_LPC17xx ****
make -r -j8 all 
make[1]: Nothing to be done for 'main-build'.
Performing post-build steps
arm-none-eabi-size libCMSISv2p00_LPC17xx.a ; # arm-none-eabi-objdump -h -S libCMSISv2p00_LPC17xx.a >libCMSISv2p00_LPC17xx.lss
   text	   data	    bss	    dec	    hex	filename
      0	      0	      0	      0	      0	core_cm3.o (ex libCMSISv2p00_LPC17xx.a)
    400	      4	      0	    404	    194	system_LPC17xx.o (ex libCMSISv2p00_LPC17xx.a)
    910	      0	     40	    950	    3b6	debug_frmwrk.o (ex libCMSISv2p00_LPC17xx.a)
    718	      0	      0	    718	    2ce	lpc17xx_adc.o (ex libCMSISv2p00_LPC17xx.a)
   5602	      0	     11	   5613	   15ed	lpc17xx_can.o (ex libCMSISv2p00_LPC17xx.a)
    299	      0	      0	    299	    12b	lpc17xx_clkpwr.o (ex libCMSISv2p00_LPC17xx.a)
    250	      0	      0	    250	     fa	lpc17xx_dac.o (ex libCMSISv2p00_LPC17xx.a)
   1295	      0	  10852	  12147	   2f73	lpc17xx_emac.o (ex libCMSISv2p00_LPC17xx.a)
    182	      0	      0	    182	     b6	lpc17xx_exti.o (ex libCMSISv2p00_LPC17xx.a)
    892	     32	      0	    924	    39c	lpc17xx_gpdma.o (ex libCMSISv2p00_LPC17xx.a)
    572	      0	      0	    572	    23c	lpc17xx_gpio.o (ex libCMSISv2p00_LPC17xx.a)
   2320	      0	     52	   2372	    944	lpc17xx_i2c.o (ex libCMSISv2p00_LPC17xx.a)
   1680	      0	      0	   1680	    690	lpc17xx_i2s.o (ex libCMSISv2p00_LPC17xx.a)
      2	      0	      0	      2	      2	lpc17xx_libcfg_default.o (ex libCMSISv2p00_LPC17xx.a)
    670	      0	      0	    670	    29e	lpc17xx_mcpwm.o (ex libCMSISv2p00_LPC17xx.a)
    116	      0	      0	    116	     74	lpc17xx_nvic.o (ex libCMSISv2p00_LPC17xx.a)
    180	      0	      0	    180	     b4	lpc17xx_pinsel.o (ex libCMSISv2p00_LPC17xx.a)
   1426	      0	      0	   1426	    592	lpc17xx_pwm.o (ex libCMSISv2p00_LPC17xx.a)
   1278	      0	      0	   1278	    4fe	lpc17xx_qei.o (ex libCMSISv2p00_LPC17xx.a)
    346	      0	      0	    346	    15a	lpc17xx_rit.o (ex libCMSISv2p00_LPC17xx.a)
   2238	      0	      0	   2238	    8be	lpc17xx_rtc.o (ex libCMSISv2p00_LPC17xx.a)
    820	      0	      0	    820	    334	lpc17xx_spi.o (ex libCMSISv2p00_LPC17xx.a)
   1490	      0	      0	   1490	    5d2	lpc17xx_ssp.o (ex libCMSISv2p00_LPC17xx.a)
    264	      0	      0	    264	    108	lpc17xx_systick.o (ex libCMSISv2p00_LPC17xx.a)
   1420	      0	      0	   1420	    58c	lpc17xx_timer.o (ex libCMSISv2p00_LPC17xx.a)
   2948	      0	      0	   2948	    b84	lpc17xx_uart.o (ex libCMSISv2p00_LPC17xx.a)
    314	      0	      0	    314	    13a	lpc17xx_wdt.o (ex libCMSISv2p00_LPC17xx.a)
 
19:36:55 **** Incremental Build of configuration Debug for project TP_Final ****
make -r -j8 all 
Building file: ../src/main.c
Invoking: MCU C Compiler
arm-none-eabi-gcc -DDEBUG -D__CODE_RED -DCORE_M3 -D__USE_CMSIS=CMSISv2p00_LPC17xx -D__LPC17XX__ -D__REDLIB__ -I"C:\Users\majac\Documents\Docs Facu\8vo Semestre\Electronica Digital 3\TP Final\CMSISv2p00_LPC17xx\inc" -I"C:\Users\majac\Documents\Docs Facu\8vo Semestre\Electronica Digital 3\TP Final\CMSISv2p00_LPC17xx\Drivers\inc" -O0 -fno-common -g3 -gdwarf-4 -Wall -c -fmessage-length=0 -fno-builtin -ffunction-sections -fdata-sections -fmerge-constants -fmacro-prefix-map="../src/"= -mcpu=cortex-m3 -mthumb -fstack-usage -specs=redlib.specs -MMD -MP -MF"src/main.d" -MT"src/main.o" -o "src/main.o" "../src/main.c"
Finished building: ../src/main.c
 
Building target: TP_Final.axf
Invoking: MCU Linker
arm-none-eabi-gcc -nostdlib -L"C:\Users\majac\Documents\Docs Facu\8vo Semestre\Electronica Digital 3\TP Final\CMSISv2p00_LPC17xx\Debug" -Xlinker -Map="TP_Final.map" -Xlinker --cref -Xlinker --gc-sections -Xlinker -print-memory-usage -mcpu=cortex-m3 -mthumb -T "TP_Final_Debug.ld" -o "TP_Final.axf" ./src/cr_startup_lpc175x_6x.o ./src/crp.o ./src/main.o    -lCMSISv2p00_LPC17xx
Memory region         Used Size  Region Size  %age Used
       MFlash512:        1216 B       512 KB      0.23%
        RamLoc32:           0 B        32 KB      0.00%
        RamAHB32:           0 B        32 KB      0.00%
Finished building target: TP_Final.axf
 
Performing post-build steps
arm-none-eabi-size "TP_Final.axf"; # arm-none-eabi-objcopy -v -O binary "TP_Final.axf" "TP_Final.bin" ; # checksum -p LPC1769 -d "TP_Final.bin";
   text	   data	    bss	    dec	    hex	filename
   1216	      0	      0	   1216	    4c0	TP_Final.axf
 
19:37:09 **** Incremental Build of configuration Debug for project CMSISv2p00_LPC17xx ****
make -r -j8 all 
make[1]: Nothing to be done for 'main-build'.
Performing post-build steps
arm-none-eabi-size libCMSISv2p00_LPC17xx.a ; # arm-none-eabi-objdump -h -S libCMSISv2p00_LPC17xx.a >libCMSISv2p00_LPC17xx.lss
   text	   data	    bss	    dec	    hex	filename
      0	      0	      0	      0	      0	core_cm3.o (ex libCMSISv2p00_LPC17xx.a)
    400	      4	      0	    404	    194	system_LPC17xx.o (ex libCMSISv2p00_LPC17xx.a)
    910	      0	     40	    950	    3b6	debug_frmwrk.o (ex libCMSISv2p00_LPC17xx.a)
    718	      0	      0	    718	    2ce	lpc17xx_adc.o (ex libCMSISv2p00_LPC17xx.a)
   5602	      0	     11	   5613	   15ed	lpc17xx_can.o (ex libCMSISv2p00_LPC17xx.a)
    299	      0	      0	    299	    12b	lpc17xx_clkpwr.o (ex libCMSISv2p00_LPC17xx.a)
    250	      0	      0	    250	     fa	lpc17xx_dac.o (ex libCMSISv2p00_LPC17xx.a)
   1295	      0	  10852	  12147	   2f73	lpc17xx_emac.o (ex libCMSISv2p00_LPC17xx.a)
    182	      0	      0	    182	     b6	lpc17xx_exti.o (ex libCMSISv2p00_LPC17xx.a)
    892	     32	      0	    924	    39c	lpc17xx_gpdma.o (ex libCMSISv2p00_LPC17xx.a)
    572	      0	      0	    572	    23c	lpc17xx_gpio.o (ex libCMSISv2p00_LPC17xx.a)
   2320	      0	     52	   2372	    944	lpc17xx_i2c.o (ex libCMSISv2p00_LPC17xx.a)
   1680	      0	      0	   1680	    690	lpc17xx_i2s.o (ex libCMSISv2p00_LPC17xx.a)
      2	      0	      0	      2	      2	lpc17xx_libcfg_default.o (ex libCMSISv2p00_LPC17xx.a)
    670	      0	      0	    670	    29e	lpc17xx_mcpwm.o (ex libCMSISv2p00_LPC17xx.a)
    116	      0	      0	    116	     74	lpc17xx_nvic.o (ex libCMSISv2p00_LPC17xx.a)
    180	      0	      0	    180	     b4	lpc17xx_pinsel.o (ex libCMSISv2p00_LPC17xx.a)
   1426	      0	      0	   1426	    592	lpc17xx_pwm.o (ex libCMSISv2p00_LPC17xx.a)
   1278	      0	      0	   1278	    4fe	lpc17xx_qei.o (ex libCMSISv2p00_LPC17xx.a)
    346	      0	      0	    346	    15a	lpc17xx_rit.o (ex libCMSISv2p00_LPC17xx.a)
   2238	      0	      0	   2238	    8be	lpc17xx_rtc.o (ex libCMSISv2p00_LPC17xx.a)
    820	      0	      0	    820	    334	lpc17xx_spi.o (ex libCMSISv2p00_LPC17xx.a)
   1490	      0	      0	   1490	    5d2	lpc17xx_ssp.o (ex libCMSISv2p00_LPC17xx.a)
    264	      0	      0	    264	    108	lpc17xx_systick.o (ex libCMSISv2p00_LPC17xx.a)
   1420	      0	      0	   1420	    58c	lpc17xx_timer.o (ex libCMSISv2p00_LPC17xx.a)
   2948	      0	      0	   2948	    b84	lpc17xx_uart.o (ex libCMSISv2p00_LPC17xx.a)
    314	      0	      0	    314	    13a	lpc17xx_wdt.o (ex libCMSISv2p00_LPC17xx.a)
 
19:37:10 **** Incremental Build of configuration Debug for project TP_Final ****
make -r -j8 all 
make[1]: Nothing to be done for 'main-build'.
Performing post-build steps
arm-none-eabi-size "TP_Final.axf"; # arm-none-eabi-objcopy -v -O binary "TP_Final.axf" "TP_Final.bin" ; # checksum -p LPC1769 -d "TP_Final.bin";
   text	   data	    bss	    dec	    hex	filename
   1216	      0	      0	   1216	    4c0	TP_Final.axf
 
19:37:35 **** Incremental Build of configuration Debug for project CMSISv2p00_LPC17xx ****
make -r -j8 all 
make[1]: Nothing to be done for 'main-build'.
Performing post-build steps
arm-none-eabi-size libCMSISv2p00_LPC17xx.a ; # arm-none-eabi-objdump -h -S libCMSISv2p00_LPC17xx.a >libCMSISv2p00_LPC17xx.lss
   text	   data	    bss	    dec	    hex	filename
      0	      0	      0	      0	      0	core_cm3.o (ex libCMSISv2p00_LPC17xx.a)
    400	      4	      0	    404	    194	system_LPC17xx.o (ex libCMSISv2p00_LPC17xx.a)
    910	      0	     40	    950	    3b6	debug_frmwrk.o (ex libCMSISv2p00_LPC17xx.a)
    718	      0	      0	    718	    2ce	lpc17xx_adc.o (ex libCMSISv2p00_LPC17xx.a)
   5602	      0	     11	   5613	   15ed	lpc17xx_can.o (ex libCMSISv2p00_LPC17xx.a)
    299	      0	      0	    299	    12b	lpc17xx_clkpwr.o (ex libCMSISv2p00_LPC17xx.a)
    250	      0	      0	    250	     fa	lpc17xx_dac.o (ex libCMSISv2p00_LPC17xx.a)
   1295	      0	  10852	  12147	   2f73	lpc17xx_emac.o (ex libCMSISv2p00_LPC17xx.a)
    182	      0	      0	    182	     b6	lpc17xx_exti.o (ex libCMSISv2p00_LPC17xx.a)
    892	     32	      0	    924	    39c	lpc17xx_gpdma.o (ex libCMSISv2p00_LPC17xx.a)
    572	      0	      0	    572	    23c	lpc17xx_gpio.o (ex libCMSISv2p00_LPC17xx.a)
   2320	      0	     52	   2372	    944	lpc17xx_i2c.o (ex libCMSISv2p00_LPC17xx.a)
   1680	      0	      0	   1680	    690	lpc17xx_i2s.o (ex libCMSISv2p00_LPC17xx.a)
      2	      0	      0	      2	      2	lpc17xx_libcfg_default.o (ex libCMSISv2p00_LPC17xx.a)
    670	      0	      0	    670	    29e	lpc17xx_mcpwm.o (ex libCMSISv2p00_LPC17xx.a)
    116	      0	      0	    116	     74	lpc17xx_nvic.o (ex libCMSISv2p00_LPC17xx.a)
    180	      0	      0	    180	     b4	lpc17xx_pinsel.o (ex libCMSISv2p00_LPC17xx.a)
   1426	      0	      0	   1426	    592	lpc17xx_pwm.o (ex libCMSISv2p00_LPC17xx.a)
   1278	      0	      0	   1278	    4fe	lpc17xx_qei.o (ex libCMSISv2p00_LPC17xx.a)
    346	      0	      0	    346	    15a	lpc17xx_rit.o (ex libCMSISv2p00_LPC17xx.a)
   2238	      0	      0	   2238	    8be	lpc17xx_rtc.o (ex libCMSISv2p00_LPC17xx.a)
    820	      0	      0	    820	    334	lpc17xx_spi.o (ex libCMSISv2p00_LPC17xx.a)
   1490	      0	      0	   1490	    5d2	lpc17xx_ssp.o (ex libCMSISv2p00_LPC17xx.a)
    264	      0	      0	    264	    108	lpc17xx_systick.o (ex libCMSISv2p00_LPC17xx.a)
   1420	      0	      0	   1420	    58c	lpc17xx_timer.o (ex libCMSISv2p00_LPC17xx.a)
   2948	      0	      0	   2948	    b84	lpc17xx_uart.o (ex libCMSISv2p00_LPC17xx.a)
    314	      0	      0	    314	    13a	lpc17xx_wdt.o (ex libCMSISv2p00_LPC17xx.a)
 
19:37:36 **** Incremental Build of configuration Release for project TP_Final ****
make -r -j8 all 
Building file: ../src/main.c
Invoking: MCU C Compiler
arm-none-eabi-gcc -DNDEBUG -D__CODE_RED -DCORE_M3 -D__USE_CMSIS=CMSISv2p00_LPC17xx -D__LPC17XX__ -D__REDLIB__ -I"C:\Users\majac\Documents\Docs Facu\8vo Semestre\Electronica Digital 3\TP Final\CMSISv2p00_LPC17xx\inc" -Os -fno-common -g -gdwarf-4 -Wall -c -fmessage-length=0 -fno-builtin -ffunction-sections -fdata-sections -fmacro-prefix-map="../src/"= -mcpu=cortex-m3 -mthumb -fstack-usage -specs=redlib.specs -MMD -MP -MF"src/main.d" -MT"src/main.o" -MT"src/main.d" -o "src/main.o" "../src/main.c"
Finished building: ../src/main.c
 
Building target: TP_Final.axf
Invoking: MCU Linker
arm-none-eabi-gcc -nostdlib -Xlinker -Map="TP_Final.map" -Xlinker --cref -Xlinker --gc-sections -Xlinker -print-memory-usage -mcpu=cortex-m3 -mthumb -T "TP_Final_Release.ld" -o "TP_Final.axf" ./src/cr_startup_lpc175x_6x.o ./src/crp.o ./src/main.o    -lCMSISv2p00_LPC17xx
C:/nxp/MCUXpressoIDE_25.6.136/ide/plugins/com.nxp.mcuxpresso.tools.win32_25.6.0.202501151204/tools/bin/../lib/gcc/arm-none-eabi/14.2.1/../../../../arm-none-eabi/bin/ld.exe: cannot find -lCMSISv2p00_LPC17xx: No such file or directory
collect2.exe: error: ld returned 1 exit status
make[1]: *** [makefile:44: TP_Final.axf] Error 1
make: *** [makefile:35: all] Error 2
"make -r -j8 all" terminated with exit code 2. Build might be incomplete.
19:38:43 **** Incremental Build of configuration Debug for project CMSISv2p00_LPC17xx ****
make -r -j8 all 
make[1]: Nothing to be done for 'main-build'.
Performing post-build steps
arm-none-eabi-size libCMSISv2p00_LPC17xx.a ; # arm-none-eabi-objdump -h -S libCMSISv2p00_LPC17xx.a >libCMSISv2p00_LPC17xx.lss
   text	   data	    bss	    dec	    hex	filename
      0	      0	      0	      0	      0	core_cm3.o (ex libCMSISv2p00_LPC17xx.a)
    400	      4	      0	    404	    194	system_LPC17xx.o (ex libCMSISv2p00_LPC17xx.a)
    910	      0	     40	    950	    3b6	debug_frmwrk.o (ex libCMSISv2p00_LPC17xx.a)
    718	      0	      0	    718	    2ce	lpc17xx_adc.o (ex libCMSISv2p00_LPC17xx.a)
   5602	      0	     11	   5613	   15ed	lpc17xx_can.o (ex libCMSISv2p00_LPC17xx.a)
    299	      0	      0	    299	    12b	lpc17xx_clkpwr.o (ex libCMSISv2p00_LPC17xx.a)
    250	      0	      0	    250	     fa	lpc17xx_dac.o (ex libCMSISv2p00_LPC17xx.a)
   1295	      0	  10852	  12147	   2f73	lpc17xx_emac.o (ex libCMSISv2p00_LPC17xx.a)
    182	      0	      0	    182	     b6	lpc17xx_exti.o (ex libCMSISv2p00_LPC17xx.a)
    892	     32	      0	    924	    39c	lpc17xx_gpdma.o (ex libCMSISv2p00_LPC17xx.a)
    572	      0	      0	    572	    23c	lpc17xx_gpio.o (ex libCMSISv2p00_LPC17xx.a)
   2320	      0	     52	   2372	    944	lpc17xx_i2c.o (ex libCMSISv2p00_LPC17xx.a)
   1680	      0	      0	   1680	    690	lpc17xx_i2s.o (ex libCMSISv2p00_LPC17xx.a)
      2	      0	      0	      2	      2	lpc17xx_libcfg_default.o (ex libCMSISv2p00_LPC17xx.a)
    670	      0	      0	    670	    29e	lpc17xx_mcpwm.o (ex libCMSISv2p00_LPC17xx.a)
    116	      0	      0	    116	     74	lpc17xx_nvic.o (ex libCMSISv2p00_LPC17xx.a)
    180	      0	      0	    180	     b4	lpc17xx_pinsel.o (ex libCMSISv2p00_LPC17xx.a)
   1426	      0	      0	   1426	    592	lpc17xx_pwm.o (ex libCMSISv2p00_LPC17xx.a)
   1278	      0	      0	   1278	    4fe	lpc17xx_qei.o (ex libCMSISv2p00_LPC17xx.a)
    346	      0	      0	    346	    15a	lpc17xx_rit.o (ex libCMSISv2p00_LPC17xx.a)
   2238	      0	      0	   2238	    8be	lpc17xx_rtc.o (ex libCMSISv2p00_LPC17xx.a)
    820	      0	      0	    820	    334	lpc17xx_spi.o (ex libCMSISv2p00_LPC17xx.a)
   1490	      0	      0	   1490	    5d2	lpc17xx_ssp.o (ex libCMSISv2p00_LPC17xx.a)
    264	      0	      0	    264	    108	lpc17xx_systick.o (ex libCMSISv2p00_LPC17xx.a)
   1420	      0	      0	   1420	    58c	lpc17xx_timer.o (ex libCMSISv2p00_LPC17xx.a)
   2948	      0	      0	   2948	    b84	lpc17xx_uart.o (ex libCMSISv2p00_LPC17xx.a)
    314	      0	      0	    314	    13a	lpc17xx_wdt.o (ex libCMSISv2p00_LPC17xx.a)
 
19:38:44 **** Incremental Build of configuration Debug for project TP_Final ****
make -r -j8 all 
make[1]: Nothing to be done for 'main-build'.
Performing post-build steps
arm-none-eabi-size "TP_Final.axf"; # arm-none-eabi-objcopy -v -O binary "TP_Final.axf" "TP_Final.bin" ; # checksum -p LPC1769 -d "TP_Final.bin";
   text	   data	    bss	    dec	    hex	filename
   1216	      0	      0	   1216	    4c0	TP_Final.axf
 
19:39:35 **** Incremental Build of configuration Debug for project CMSISv2p00_LPC17xx ****
make -r -j8 all 
make[1]: Nothing to be done for 'main-build'.
Performing post-build steps
arm-none-eabi-size libCMSISv2p00_LPC17xx.a ; # arm-none-eabi-objdump -h -S libCMSISv2p00_LPC17xx.a >libCMSISv2p00_LPC17xx.lss
   text	   data	    bss	    dec	    hex	filename
      0	      0	      0	      0	      0	core_cm3.o (ex libCMSISv2p00_LPC17xx.a)
    400	      4	      0	    404	    194	system_LPC17xx.o (ex libCMSISv2p00_LPC17xx.a)
    910	      0	     40	    950	    3b6	debug_frmwrk.o (ex libCMSISv2p00_LPC17xx.a)
    718	      0	      0	    718	    2ce	lpc17xx_adc.o (ex libCMSISv2p00_LPC17xx.a)
   5602	      0	     11	   5613	   15ed	lpc17xx_can.o (ex libCMSISv2p00_LPC17xx.a)
    299	      0	      0	    299	    12b	lpc17xx_clkpwr.o (ex libCMSISv2p00_LPC17xx.a)
    250	      0	      0	    250	     fa	lpc17xx_dac.o (ex libCMSISv2p00_LPC17xx.a)
   1295	      0	  10852	  12147	   2f73	lpc17xx_emac.o (ex libCMSISv2p00_LPC17xx.a)
    182	      0	      0	    182	     b6	lpc17xx_exti.o (ex libCMSISv2p00_LPC17xx.a)
    892	     32	      0	    924	    39c	lpc17xx_gpdma.o (ex libCMSISv2p00_LPC17xx.a)
    572	      0	      0	    572	    23c	lpc17xx_gpio.o (ex libCMSISv2p00_LPC17xx.a)
   2320	      0	     52	   2372	    944	lpc17xx_i2c.o (ex libCMSISv2p00_LPC17xx.a)
   1680	      0	      0	   1680	    690	lpc17xx_i2s.o (ex libCMSISv2p00_LPC17xx.a)
      2	      0	      0	      2	      2	lpc17xx_libcfg_default.o (ex libCMSISv2p00_LPC17xx.a)
    670	      0	      0	    670	    29e	lpc17xx_mcpwm.o (ex libCMSISv2p00_LPC17xx.a)
    116	      0	      0	    116	     74	lpc17xx_nvic.o (ex libCMSISv2p00_LPC17xx.a)
    180	      0	      0	    180	     b4	lpc17xx_pinsel.o (ex libCMSISv2p00_LPC17xx.a)
   1426	      0	      0	   1426	    592	lpc17xx_pwm.o (ex libCMSISv2p00_LPC17xx.a)
   1278	      0	      0	   1278	    4fe	lpc17xx_qei.o (ex libCMSISv2p00_LPC17xx.a)
    346	      0	      0	    346	    15a	lpc17xx_rit.o (ex libCMSISv2p00_LPC17xx.a)
   2238	      0	      0	   2238	    8be	lpc17xx_rtc.o (ex libCMSISv2p00_LPC17xx.a)
    820	      0	      0	    820	    334	lpc17xx_spi.o (ex libCMSISv2p00_LPC17xx.a)
   1490	      0	      0	   1490	    5d2	lpc17xx_ssp.o (ex libCMSISv2p00_LPC17xx.a)
    264	      0	      0	    264	    108	lpc17xx_systick.o (ex libCMSISv2p00_LPC17xx.a)
   1420	      0	      0	   1420	    58c	lpc17xx_timer.o (ex libCMSISv2p00_LPC17xx.a)
   2948	      0	      0	   2948	    b84	lpc17xx_uart.o (ex libCMSISv2p00_LPC17xx.a)
    314	      0	      0	    314	    13a	lpc17xx_wdt.o (ex libCMSISv2p00_LPC17xx.a)
 
19:39:36 **** Incremental Build of configuration Debug for project TP_Final ****
make -r -j8 all 
Building file: ../src/main.c
Invoking: MCU C Compiler
arm-none-eabi-gcc -DDEBUG -D__CODE_RED -DCORE_M3 -D__USE_CMSIS=CMSISv2p00_LPC17xx -D__LPC17XX__ -D__REDLIB__ -I"C:\Users\majac\Documents\Docs Facu\8vo Semestre\Electronica Digital 3\TP Final\CMSISv2p00_LPC17xx\inc" -I"C:\Users\majac\Documents\Docs Facu\8vo Semestre\Electronica Digital 3\TP Final\CMSISv2p00_LPC17xx\Drivers\inc" -O0 -fno-common -g3 -gdwarf-4 -Wall -c -fmessage-length=0 -fno-builtin -ffunction-sections -fdata-sections -fmerge-constants -fmacro-prefix-map="../src/"= -mcpu=cortex-m3 -mthumb -fstack-usage -specs=redlib.specs -MMD -MP -MF"src/main.d" -MT"src/main.o" -o "src/main.o" "../src/main.c"
Finished building: ../src/main.c
 
Building target: TP_Final.axf
Invoking: MCU Linker
arm-none-eabi-gcc -nostdlib -L"C:\Users\majac\Documents\Docs Facu\8vo Semestre\Electronica Digital 3\TP Final\CMSISv2p00_LPC17xx\Debug" -Xlinker -Map="TP_Final.map" -Xlinker --cref -Xlinker --gc-sections -Xlinker -print-memory-usage -mcpu=cortex-m3 -mthumb -T "TP_Final_Debug.ld" -o "TP_Final.axf" ./src/cr_startup_lpc175x_6x.o ./src/crp.o ./src/main.o    -lCMSISv2p00_LPC17xx
Memory region         Used Size  Region Size  %age Used
       MFlash512:        2908 B       512 KB      0.55%
        RamLoc32:           4 B        32 KB      0.01%
        RamAHB32:           0 B        32 KB      0.00%
Finished building target: TP_Final.axf
 
Performing post-build steps
arm-none-eabi-size "TP_Final.axf"; # arm-none-eabi-objcopy -v -O binary "TP_Final.axf" "TP_Final.bin" ; # checksum -p LPC1769 -d "TP_Final.bin";
   text	   data	    bss	    dec	    hex	filename
   2904	      4	      0	   2908	    b5c	TP_Final.axf
 
19:39:57 **** Incremental Build of configuration Debug for project CMSISv2p00_LPC17xx ****
make -r -j8 all 
make[1]: Nothing to be done for 'main-build'.
Performing post-build steps
arm-none-eabi-size libCMSISv2p00_LPC17xx.a ; # arm-none-eabi-objdump -h -S libCMSISv2p00_LPC17xx.a >libCMSISv2p00_LPC17xx.lss
   text	   data	    bss	    dec	    hex	filename
      0	      0	      0	      0	      0	core_cm3.o (ex libCMSISv2p00_LPC17xx.a)
    400	      4	      0	    404	    194	system_LPC17xx.o (ex libCMSISv2p00_LPC17xx.a)
    910	      0	     40	    950	    3b6	debug_frmwrk.o (ex libCMSISv2p00_LPC17xx.a)
    718	      0	      0	    718	    2ce	lpc17xx_adc.o (ex libCMSISv2p00_LPC17xx.a)
   5602	      0	     11	   5613	   15ed	lpc17xx_can.o (ex libCMSISv2p00_LPC17xx.a)
    299	      0	      0	    299	    12b	lpc17xx_clkpwr.o (ex libCMSISv2p00_LPC17xx.a)
    250	      0	      0	    250	     fa	lpc17xx_dac.o (ex libCMSISv2p00_LPC17xx.a)
   1295	      0	  10852	  12147	   2f73	lpc17xx_emac.o (ex libCMSISv2p00_LPC17xx.a)
    182	      0	      0	    182	     b6	lpc17xx_exti.o (ex libCMSISv2p00_LPC17xx.a)
    892	     32	      0	    924	    39c	lpc17xx_gpdma.o (ex libCMSISv2p00_LPC17xx.a)
    572	      0	      0	    572	    23c	lpc17xx_gpio.o (ex libCMSISv2p00_LPC17xx.a)
   2320	      0	     52	   2372	    944	lpc17xx_i2c.o (ex libCMSISv2p00_LPC17xx.a)
   1680	      0	      0	   1680	    690	lpc17xx_i2s.o (ex libCMSISv2p00_LPC17xx.a)
      2	      0	      0	      2	      2	lpc17xx_libcfg_default.o (ex libCMSISv2p00_LPC17xx.a)
    670	      0	      0	    670	    29e	lpc17xx_mcpwm.o (ex libCMSISv2p00_LPC17xx.a)
    116	      0	      0	    116	     74	lpc17xx_nvic.o (ex libCMSISv2p00_LPC17xx.a)
    180	      0	      0	    180	     b4	lpc17xx_pinsel.o (ex libCMSISv2p00_LPC17xx.a)
   1426	      0	      0	   1426	    592	lpc17xx_pwm.o (ex libCMSISv2p00_LPC17xx.a)
   1278	      0	      0	   1278	    4fe	lpc17xx_qei.o (ex libCMSISv2p00_LPC17xx.a)
    346	      0	      0	    346	    15a	lpc17xx_rit.o (ex libCMSISv2p00_LPC17xx.a)
   2238	      0	      0	   2238	    8be	lpc17xx_rtc.o (ex libCMSISv2p00_LPC17xx.a)
    820	      0	      0	    820	    334	lpc17xx_spi.o (ex libCMSISv2p00_LPC17xx.a)
   1490	      0	      0	   1490	    5d2	lpc17xx_ssp.o (ex libCMSISv2p00_LPC17xx.a)
    264	      0	      0	    264	    108	lpc17xx_systick.o (ex libCMSISv2p00_LPC17xx.a)
   1420	      0	      0	   1420	    58c	lpc17xx_timer.o (ex libCMSISv2p00_LPC17xx.a)
   2948	      0	      0	   2948	    b84	lpc17xx_uart.o (ex libCMSISv2p00_LPC17xx.a)
    314	      0	      0	    314	    13a	lpc17xx_wdt.o (ex libCMSISv2p00_LPC17xx.a)
 
19:39:58 **** Incremental Build of configuration Debug for project TP_Final ****
make -r -j8 all 
make[1]: Nothing to be done for 'main-build'.
Performing post-build steps
arm-none-eabi-size "TP_Final.axf"; # arm-none-eabi-objcopy -v -O binary "TP_Final.axf" "TP_Final.bin" ; # checksum -p LPC1769 -d "TP_Final.bin";
   text	   data	    bss	    dec	    hex	filename
   2904	      4	      0	   2908	    b5c	TP_Final.axf
 
19:40:00 **** Incremental Build of configuration Debug for project TP_Final ****
make -r -j8 all 
make[1]: Nothing to be done for 'main-build'.
Performing post-build steps
arm-none-eabi-size "TP_Final.axf"; # arm-none-eabi-objcopy -v -O binary "TP_Final.axf" "TP_Final.bin" ; # checksum -p LPC1769 -d "TP_Final.bin";
   text	   data	    bss	    dec	    hex	filename
   2904	      4	      0	   2908	    b5c	TP_Final.axf
 
